
*** Running vivado
    with args -log ALU.vdi -applog -m64 -product Vivado -messageDb vivado.pb -mode batch -source ALU.tcl -notrace

INFO: [Common 17-3922] A valid Vivado Design Suite BASIC license has been detected. Your current license is active and will expire on 26-aug-2027.
#-----------------------------------------------------------
# Vivado v2026.1 (64-bit)
# SW Build 6511674 on Tue Jun 16 11:01:26 MDT 2026
# IP Build 6504888 on Tue Jun 09 09:05:25 MDT 2026
# SharedData Build 6501428 on Mon Jun 08 17:34:18 MDT 2026
# Start of session at: Wed Sep  9 18:04:20 2026
# Process ID         : 11796
# Current directory  : /home/gus/Materias/Arqui/proyectos-vivado/Computer_Architecture_FCEFyN/Laboratories/Lab1/ALU/ALU.runs/impl_1
# Command line       : vivado -log ALU.vdi -applog -product Vivado -messageDb vivado.pb -mode batch -source ALU.tcl -notrace
# Log file           : /home/gus/Materias/Arqui/proyectos-vivado/Computer_Architecture_FCEFyN/Laboratories/Lab1/ALU/ALU.runs/impl_1/ALU.vdi
# Journal file       : /home/gus/Materias/Arqui/proyectos-vivado/Computer_Architecture_FCEFyN/Laboratories/Lab1/ALU/ALU.runs/impl_1/vivado.jou
# Running On         : gus-MAX-L5
# Platform           : Linuxmint
# Operating System   : Linux Mint 22.3
# Processor Detail   : 11th Gen Intel(R) Core(TM) i5-1135G7 @ 2.40GHz
# CPU Frequency      : 1196.273 MHz
# CPU Physical cores : 4
# CPU Logical cores  : 8
# Host memory        : 8089 MB
# Swap memory        : 0 MB
# Total Virtual      : 8089 MB
# Available Virtual  : 2781 MB
#-----------------------------------------------------------

****** Vivado v2026.1 (64-bit)
  **** SW Build 6511674 on Tue Jun 16 11:01:26 MDT 2026
  **** IP Build 6504888 on Tue Jun 09 09:05:25 MDT 2026
  **** SharedData Build 6501428 on Mon Jun 08 17:34:18 MDT 2026
  **** Start of session at: Wed Sep  9 18:04:20 2026
    ** Copyright 1986-2022 Xilinx, Inc. All Rights Reserved.
    ** Copyright 2022-2026 Advanced Micro Devices, Inc. All Rights Reserved.

source ALU.tcl -notrace
Command: link_design -top ALU -part xc7a35ticpg236-1L
Design is defaulting to srcset: sources_1
Design is defaulting to constrset: constrs_1
INFO: [Device 21-403] Loading part xc7a35ticpg236-1L
Netlist sorting complete. Time (s): cpu = 00:00:00.01 ; elapsed = 00:00:00 . Memory (MB): peak = 1877.137 ; gain = 0.000 ; free physical = 410 ; free virtual = 2023
INFO: [Netlist 29-17] Analyzing 7 Unisim elements for replacement
INFO: [Netlist 29-28] Unisim Transformation completed in 0 CPU seconds
INFO: [Project 1-479] Netlist was created with Vivado 2026.1
INFO: [Project 1-570] Preparing netlist for logic optimization
Parsing XDC File [/home/gus/Materias/Arqui/proyectos-vivado/Computer_Architecture_FCEFyN/Laboratories/Lab1/ALU/ALU.srcs/constrs_1/new/synth-ALU.xdc]
Finished Parsing XDC File [/home/gus/Materias/Arqui/proyectos-vivado/Computer_Architecture_FCEFyN/Laboratories/Lab1/ALU/ALU.srcs/constrs_1/new/synth-ALU.xdc]
INFO: [Opt 31-138] Pushed 0 inverter(s) to 0 load pin(s).
Netlist sorting complete. Time (s): cpu = 00:00:00 ; elapsed = 00:00:00 . Memory (MB): peak = 2066.742 ; gain = 0.000 ; free physical = 287 ; free virtual = 1905
INFO: [Project 1-111] Unisim Transformation Summary:
No Unisim elements were transformed.

7 Infos, 0 Warnings, 0 Critical Warnings and 0 Errors encountered.
link_design completed successfully
link_design: Time (s): cpu = 00:00:06 ; elapsed = 00:00:06 . Memory (MB): peak = 2070.746 ; gain = 356.664 ; free physical = 283 ; free virtual = 1901
Command: opt_design
Attempting to get a license for feature 'Vivado_Implementation' and/or device 'xc7a35ti'
INFO: [Common 17-349] Got license for feature 'Vivado_Implementation' and/or device 'xc7a35ti'
Running DRC as a precondition to command opt_design

Starting DRC Task
INFO: [DRC 23-27] Running DRC with 8 threads
INFO: [Project 1-461] DRC finished with 0 Errors
INFO: [Project 1-462] Please refer to the DRC report (report_drc) for more information.

Time (s): cpu = 00:00:00.85 ; elapsed = 00:00:00.8 . Memory (MB): peak = 2083.586 ; gain = 12.840 ; free physical = 258 ; free virtual = 1876

Starting Cache Timing Information Task
INFO: [Timing 38-35] Done setting XDC timing constraints.
Ending Cache Timing Information Task | Checksum: 1de94072a

Time (s): cpu = 00:00:09 ; elapsed = 00:00:09 . Memory (MB): peak = 2580.797 ; gain = 497.211 ; free physical = 187 ; free virtual = 1507

Starting Logic Optimization Task

Phase 1 Initialization

Phase 1.1 Core Generation And Design Setup
Phase 1.1 Core Generation And Design Setup | Checksum: 1de94072a

Time (s): cpu = 00:00:00 ; elapsed = 00:00:00.01 . Memory (MB): peak = 3001.594 ; gain = 0.000 ; free physical = 156 ; free virtual = 1082

Phase 1.2 Setup Constraints And Sort Netlist
Phase 1.2 Setup Constraints And Sort Netlist | Checksum: 1de94072a

Time (s): cpu = 00:00:00 ; elapsed = 00:00:00.01 . Memory (MB): peak = 3001.594 ; gain = 0.000 ; free physical = 160 ; free virtual = 1083
Phase 1 Initialization | Checksum: 1de94072a

Time (s): cpu = 00:00:00 ; elapsed = 00:00:00.01 . Memory (MB): peak = 3001.594 ; gain = 0.000 ; free physical = 160 ; free virtual = 1083

Phase 2 Timer Update And Timing Data Collection

Phase 2.1 Detect if minReqCache needed
Phase 2.1 Detect if minReqCache needed | Checksum: 1de94072a

Time (s): cpu = 00:00:00.01 ; elapsed = 00:00:00.02 . Memory (MB): peak = 3001.594 ; gain = 0.000 ; free physical = 160 ; free virtual = 1083

Phase 2.2 Timer Update
Phase 2.2 Timer Update | Checksum: 1de94072a

Time (s): cpu = 00:00:00.02 ; elapsed = 00:00:00.03 . Memory (MB): peak = 3001.594 ; gain = 0.000 ; free physical = 160 ; free virtual = 1083

Phase 2.3 Timing Data Collection
Phase 2.3 Timing Data Collection | Checksum: 1de94072a

Time (s): cpu = 00:00:00.02 ; elapsed = 00:00:00.03 . Memory (MB): peak = 3001.594 ; gain = 0.000 ; free physical = 160 ; free virtual = 1083
Phase 2 Timer Update And Timing Data Collection | Checksum: 1de94072a

Time (s): cpu = 00:00:00.02 ; elapsed = 00:00:00.03 . Memory (MB): peak = 3001.594 ; gain = 0.000 ; free physical = 160 ; free virtual = 1083

Phase 3 Retarget
INFO: [Opt 31-1851] Number of loadless carry chains removed were: 0
INFO: [Opt 31-1834] Total Chains To Be Transformed Were: 0 AND Number of Transformed insts Created are: 0
INFO: [Opt 31-138] Pushed 0 inverter(s) to 0 load pin(s).
INFO: [Opt 31-49] Retargeted 0 cell(s).
Phase 3 Retarget | Checksum: 1de94072a

Time (s): cpu = 00:00:00.04 ; elapsed = 00:00:00.05 . Memory (MB): peak = 3001.594 ; gain = 0.000 ; free physical = 159 ; free virtual = 1084
Retarget | Checksum: 1de94072a
INFO: [Opt 31-389] Phase Retarget created 0 cells and removed 0 cells

Phase 4 Constant propagation
INFO: [Opt 31-138] Pushed 0 inverter(s) to 0 load pin(s).
Phase 4 Constant propagation | Checksum: 1de94072a

Time (s): cpu = 00:00:00.04 ; elapsed = 00:00:00.06 . Memory (MB): peak = 3001.594 ; gain = 0.000 ; free physical = 159 ; free virtual = 1084
Constant propagation | Checksum: 1de94072a
INFO: [Opt 31-389] Phase Constant propagation created 0 cells and removed 0 cells

Phase 5 Sweep
INFO: [Constraints 18-11670] Building netlist checker database with flags, 0x8
Done building netlist checker database: Time (s): cpu = 00:00:00 ; elapsed = 00:00:00 . Memory (MB): peak = 3001.594 ; gain = 0.000 ; free physical = 158 ; free virtual = 1084
Phase 5 Sweep | Checksum: 1901e49de

Time (s): cpu = 00:00:00.04 ; elapsed = 00:00:00.07 . Memory (MB): peak = 3001.594 ; gain = 0.000 ; free physical = 158 ; free virtual = 1084
Sweep | Checksum: 1901e49de
INFO: [Opt 31-389] Phase Sweep created 0 cells and removed 0 cells

Phase 6 BUFG optimization
Phase 6 BUFG optimization | Checksum: 1901e49de

Time (s): cpu = 00:00:00.06 ; elapsed = 00:00:00.08 . Memory (MB): peak = 3033.609 ; gain = 32.016 ; free physical = 158 ; free virtual = 1084
BUFG optimization | Checksum: 1901e49de
INFO: [Opt 31-662] Phase BUFG optimization created 0 cells of which 0 are BUFGs and removed 0 cells.

Phase 7 Shift Register Optimization
INFO: [Opt 31-1064] SRL Remap converted 0 SRLs to 0 registers and converted 0 registers of register chains to 0 SRLs
Phase 7 Shift Register Optimization | Checksum: 1901e49de

Time (s): cpu = 00:00:00.06 ; elapsed = 00:00:00.08 . Memory (MB): peak = 3033.609 ; gain = 32.016 ; free physical = 158 ; free virtual = 1084
Shift Register Optimization | Checksum: 1901e49de
INFO: [Opt 31-389] Phase Shift Register Optimization created 0 cells and removed 0 cells

Phase 8 Post Processing Netlist
Phase 8 Post Processing Netlist | Checksum: 1901e49de

Time (s): cpu = 00:00:00.06 ; elapsed = 00:00:00.08 . Memory (MB): peak = 3033.609 ; gain = 32.016 ; free physical = 158 ; free virtual = 1084
Post Processing Netlist | Checksum: 1901e49de
INFO: [Opt 31-389] Phase Post Processing Netlist created 0 cells and removed 0 cells

Phase 9 Finalization

Phase 9.1 Finalizing Design Cores and Updating Shapes
Phase 9.1 Finalizing Design Cores and Updating Shapes | Checksum: 1954725ab

Time (s): cpu = 00:00:00.07 ; elapsed = 00:00:00.09 . Memory (MB): peak = 3033.609 ; gain = 32.016 ; free physical = 158 ; free virtual = 1084

Phase 9.2 Verifying Netlist Connectivity

Starting Connectivity Check Task

Time (s): cpu = 00:00:00 ; elapsed = 00:00:00.01 . Memory (MB): peak = 3033.609 ; gain = 0.000 ; free physical = 158 ; free virtual = 1084
Phase 9.2 Verifying Netlist Connectivity | Checksum: 1954725ab

Time (s): cpu = 00:00:00.07 ; elapsed = 00:00:00.1 . Memory (MB): peak = 3033.609 ; gain = 32.016 ; free physical = 158 ; free virtual = 1084
Phase 9 Finalization | Checksum: 1954725ab

Time (s): cpu = 00:00:00.07 ; elapsed = 00:00:00.1 . Memory (MB): peak = 3033.609 ; gain = 32.016 ; free physical = 158 ; free virtual = 1084
Opt_design Change Summary
=========================


-------------------------------------------------------------------------------------------------------------------------
|  Phase                        |  #Cells created  |  #Cells Removed  |  #Constrained objects preventing optimizations  |
-------------------------------------------------------------------------------------------------------------------------
|  Retarget                     |               0  |               0  |                                              0  |
|  Constant propagation         |               0  |               0  |                                              0  |
|  Sweep                        |               0  |               0  |                                              0  |
|  BUFG optimization            |               0  |               0  |                                              0  |
|  Shift Register Optimization  |               0  |               0  |                                              0  |
|  Post Processing Netlist      |               0  |               0  |                                              0  |
-------------------------------------------------------------------------------------------------------------------------


Ending Logic Optimization Task | Checksum: 1954725ab

Time (s): cpu = 00:00:00.08 ; elapsed = 00:00:00.1 . Memory (MB): peak = 3033.609 ; gain = 32.016 ; free physical = 158 ; free virtual = 1084

Starting Power Optimization Task
INFO: [Pwropt 34-132] Skipping clock gating for clocks with a period < 2.00 ns.
Ending Power Optimization Task | Checksum: 1954725ab

Time (s): cpu = 00:00:00.01 ; elapsed = 00:00:00.01 . Memory (MB): peak = 3033.609 ; gain = 0.000 ; free physical = 157 ; free virtual = 1084

Starting Final Cleanup Task
Ending Final Cleanup Task | Checksum: 1954725ab

Time (s): cpu = 00:00:00 ; elapsed = 00:00:00 . Memory (MB): peak = 3033.609 ; gain = 0.000 ; free physical = 156 ; free virtual = 1084
Netlist sorting complete. Time (s): cpu = 00:00:00 ; elapsed = 00:00:00 . Memory (MB): peak = 3033.609 ; gain = 0.000 ; free physical = 156 ; free virtual = 1084
INFO: [Common 17-83] Releasing license: Vivado_Implementation
27 Infos, 0 Warnings, 0 Critical Warnings and 0 Errors encountered.
opt_design completed successfully
opt_design: Time (s): cpu = 00:00:15 ; elapsed = 00:00:16 . Memory (MB): peak = 3033.609 ; gain = 962.863 ; free physical = 156 ; free virtual = 1084
INFO: [Vivado 12-24828] Executing command : report_drc -file ALU_drc_opted.rpt -pb ALU_drc_opted.pb -rpx ALU_drc_opted.rpx
Command: report_drc -file ALU_drc_opted.rpt -pb ALU_drc_opted.pb -rpx ALU_drc_opted.rpx
INFO: [IP_Flow 19-234] Refreshing IP repositories
INFO: [IP_Flow 19-1704] No user IP repositories specified
INFO: [IP_Flow 19-2313] Loaded Vivado IP repository '/opt/Xilinx/2026.1/data/ip'.
INFO: [DRC 23-27] Running DRC with 8 threads
INFO: [Vivado_Tcl 2-168] The results of DRC are in file /home/gus/Materias/Arqui/proyectos-vivado/Computer_Architecture_FCEFyN/Laboratories/Lab1/ALU/ALU.runs/impl_1/ALU_drc_opted.rpt.
report_drc completed successfully
INFO: [Timing 38-480] Writing timing data to binary archive.
Write ShapeDB Complete: Time (s): cpu = 00:00:00 ; elapsed = 00:00:00 . Memory (MB): peak = 3033.609 ; gain = 0.000 ; free physical = 125 ; free virtual = 1081
Wrote PlaceDB: Time (s): cpu = 00:00:00 ; elapsed = 00:00:00 . Memory (MB): peak = 3033.609 ; gain = 0.000 ; free physical = 125 ; free virtual = 1081
Wrote PulsedLatchDB: Time (s): cpu = 00:00:00 ; elapsed = 00:00:00 . Memory (MB): peak = 3033.609 ; gain = 0.000 ; free physical = 124 ; free virtual = 1081
Writing XDEF routing.
Writing XDEF routing logical nets.
Writing XDEF routing special nets.
Wrote RouteStorage: Time (s): cpu = 00:00:00.04 ; elapsed = 00:00:00.02 . Memory (MB): peak = 3033.609 ; gain = 0.000 ; free physical = 124 ; free virtual = 1081
Wrote PlaceStorage: Time (s): cpu = 00:00:00.01 ; elapsed = 00:00:00 . Memory (MB): peak = 3033.609 ; gain = 0.000 ; free physical = 124 ; free virtual = 1081
Wrote Netlist Cache: Time (s): cpu = 00:00:00 ; elapsed = 00:00:00 . Memory (MB): peak = 3033.609 ; gain = 0.000 ; free physical = 124 ; free virtual = 1081
Wrote Device Cache: Time (s): cpu = 00:00:00.01 ; elapsed = 00:00:00 . Memory (MB): peak = 3033.609 ; gain = 0.000 ; free physical = 123 ; free virtual = 1081
Write Physdb Complete: Time (s): cpu = 00:00:00.06 ; elapsed = 00:00:00.03 . Memory (MB): peak = 3033.609 ; gain = 0.000 ; free physical = 123 ; free virtual = 1081
INFO: [Common 17-1381] The checkpoint '/home/gus/Materias/Arqui/proyectos-vivado/Computer_Architecture_FCEFyN/Laboratories/Lab1/ALU/ALU.runs/impl_1/ALU_opt.dcp' has been generated.
Command: place_design
Attempting to get a license for feature 'Vivado_Implementation' and/or device 'xc7a35ti'
INFO: [Common 17-349] Got license for feature 'Vivado_Implementation' and/or device 'xc7a35ti'
INFO: [Common 17-83] Releasing license: Vivado_Implementation
INFO: [Timing 38-35] Done setting XDC timing constraints.
Running DRC as a precondition to command place_design
INFO: [DRC 23-27] Running DRC with 8 threads
INFO: [Vivado_Tcl 4-198] DRC finished with 0 Errors
INFO: [Vivado_Tcl 4-199] Please refer to the DRC report (report_drc) for more information.
INFO: [Place 30-611] Multithreading enabled for place_design using a maximum of 8 CPUs

Starting Placer Task

Phase 1 Placer Initialization

Phase 1.1 Placer Initialization Netlist Sorting
Netlist sorting complete. Time (s): cpu = 00:00:00 ; elapsed = 00:00:00 . Memory (MB): peak = 3033.609 ; gain = 0.000 ; free physical = 141 ; free virtual = 1082
Phase 1.1 Placer Initialization Netlist Sorting | Checksum: 1582a3c4b

Time (s): cpu = 00:00:00 ; elapsed = 00:00:00.01 . Memory (MB): peak = 3033.609 ; gain = 0.000 ; free physical = 141 ; free virtual = 1082
Netlist sorting complete. Time (s): cpu = 00:00:00 ; elapsed = 00:00:00 . Memory (MB): peak = 3033.609 ; gain = 0.000 ; free physical = 141 ; free virtual = 1082

Phase 1.2 IO Placement/ Clock Placement/ Build Placer Device
Phase 1.2 IO Placement/ Clock Placement/ Build Placer Device | Checksum: 15911ae30

Time (s): cpu = 00:00:01 ; elapsed = 00:00:00.4 . Memory (MB): peak = 3033.609 ; gain = 0.000 ; free physical = 137 ; free virtual = 1087

Phase 1.3 Build Placer Netlist Model
WARNING: [Place 30-2953] Timing driven mode will be turned off because no critical terminals were found.
Phase 1.3 Build Placer Netlist Model | Checksum: 16078fe66

Time (s): cpu = 00:00:02 ; elapsed = 00:00:00.64 . Memory (MB): peak = 3065.625 ; gain = 32.016 ; free physical = 131 ; free virtual = 1088

Phase 1.4 Constrain Clocks/Macros
Phase 1.4 Constrain Clocks/Macros | Checksum: 16078fe66

Time (s): cpu = 00:00:02 ; elapsed = 00:00:00.64 . Memory (MB): peak = 3065.625 ; gain = 32.016 ; free physical = 131 ; free virtual = 1088
Phase 1 Placer Initialization | Checksum: 16078fe66

Time (s): cpu = 00:00:02 ; elapsed = 00:00:00.66 . Memory (MB): peak = 3065.625 ; gain = 32.016 ; free physical = 131 ; free virtual = 1089

Phase 2 Global Placement

Phase 2.1 Floorplanning
Phase 2.1 Floorplanning | Checksum: 16078fe66

Time (s): cpu = 00:00:02 ; elapsed = 00:00:00.67 . Memory (MB): peak = 3065.625 ; gain = 32.016 ; free physical = 130 ; free virtual = 1088

Phase 2.2 Update Timing before SLR Path Opt
Phase 2.2 Update Timing before SLR Path Opt | Checksum: 16078fe66

Time (s): cpu = 00:00:02 ; elapsed = 00:00:00.67 . Memory (MB): peak = 3065.625 ; gain = 32.016 ; free physical = 130 ; free virtual = 1088

Phase 2.3 Post-Processing in Floorplanning
Phase 2.3 Post-Processing in Floorplanning | Checksum: 16078fe66

Time (s): cpu = 00:00:02 ; elapsed = 00:00:00.67 . Memory (MB): peak = 3065.625 ; gain = 32.016 ; free physical = 130 ; free virtual = 1088

Phase 2.4 Global Place Phase1
Phase 2.4 Global Place Phase1 | Checksum: 164fd90fa

Time (s): cpu = 00:00:08 ; elapsed = 00:00:02 . Memory (MB): peak = 3065.625 ; gain = 32.016 ; free physical = 145 ; free virtual = 1093

Phase 2.5 Global Place Phase2
WARNING: [Place 46-29] Timing had been disabled during Placer and, therefore, physical synthesis in Placer will be skipped.
Phase 2.5 Global Place Phase2 | Checksum: 172e8ed4a

Time (s): cpu = 00:00:10 ; elapsed = 00:00:02 . Memory (MB): peak = 3065.625 ; gain = 32.016 ; free physical = 143 ; free virtual = 1093
Phase 2 Global Placement | Checksum: 172e8ed4a

Time (s): cpu = 00:00:10 ; elapsed = 00:00:02 . Memory (MB): peak = 3065.625 ; gain = 32.016 ; free physical = 143 ; free virtual = 1093

Phase 3 Detail Placement

Phase 3.1 Commit Multi Column Macros
Phase 3.1 Commit Multi Column Macros | Checksum: 172e8ed4a

Time (s): cpu = 00:00:10 ; elapsed = 00:00:02 . Memory (MB): peak = 3065.625 ; gain = 32.016 ; free physical = 143 ; free virtual = 1093

Phase 3.2 Commit Most Macros & LUTRAMs
Phase 3.2 Commit Most Macros & LUTRAMs | Checksum: 170dc95e1

Time (s): cpu = 00:00:11 ; elapsed = 00:00:02 . Memory (MB): peak = 3065.625 ; gain = 32.016 ; free physical = 143 ; free virtual = 1093

Phase 3.3 Area Swap Optimization
Phase 3.3 Area Swap Optimization | Checksum: 1a8bcae10

Time (s): cpu = 00:00:11 ; elapsed = 00:00:02 . Memory (MB): peak = 3065.625 ; gain = 32.016 ; free physical = 143 ; free virtual = 1093

Phase 3.4 Pipeline Register Optimization
Phase 3.4 Pipeline Register Optimization | Checksum: 1a8bcae10

Time (s): cpu = 00:00:11 ; elapsed = 00:00:02 . Memory (MB): peak = 3065.625 ; gain = 32.016 ; free physical = 143 ; free virtual = 1093

Phase 3.5 Small Shape Detail Placement
Phase 3.5 Small Shape Detail Placement | Checksum: 21eef50af

Time (s): cpu = 00:00:12 ; elapsed = 00:00:03 . Memory (MB): peak = 3065.625 ; gain = 32.016 ; free physical = 139 ; free virtual = 1091

Phase 3.6 Re-assign LUT pins
Phase 3.6 Re-assign LUT pins | Checksum: 1b95d0de6

Time (s): cpu = 00:00:13 ; elapsed = 00:00:03 . Memory (MB): peak = 3065.625 ; gain = 32.016 ; free physical = 139 ; free virtual = 1091

Phase 3.7 Pipeline Register Optimization
Phase 3.7 Pipeline Register Optimization | Checksum: 1b95d0de6

Time (s): cpu = 00:00:13 ; elapsed = 00:00:03 . Memory (MB): peak = 3065.625 ; gain = 32.016 ; free physical = 139 ; free virtual = 1091
Phase 3 Detail Placement | Checksum: 1b95d0de6

Time (s): cpu = 00:00:13 ; elapsed = 00:00:03 . Memory (MB): peak = 3065.625 ; gain = 32.016 ; free physical = 139 ; free virtual = 1091

Phase 4 Post Placement Optimization and Clean-Up

Phase 4.1 Post Commit Optimization
Phase 4.1 Post Commit Optimization | Checksum: 1b95d0de6

Time (s): cpu = 00:00:13 ; elapsed = 00:00:03 . Memory (MB): peak = 3065.625 ; gain = 32.016 ; free physical = 139 ; free virtual = 1091

Phase 4.2 Post Placement Cleanup
Phase 4.2 Post Placement Cleanup | Checksum: 1b95d0de6

Time (s): cpu = 00:00:13 ; elapsed = 00:00:03 . Memory (MB): peak = 3065.625 ; gain = 32.016 ; free physical = 139 ; free virtual = 1091

Phase 4.3 Placer Reporting

Phase 4.3.1 Print Estimated Congestion
INFO: [Place 30-612] Post-Placement Estimated Congestion 
 ____________________________________________________
|           | Global Congestion | Short Congestion  |
| Direction | Region Size       | Region Size       |
|___________|___________________|___________________|
|      North|                1x1|                1x1|
|___________|___________________|___________________|
|      South|                1x1|                1x1|
|___________|___________________|___________________|
|       East|                1x1|                1x1|
|___________|___________________|___________________|
|       West|                1x1|                1x1|
|___________|___________________|___________________|

Phase 4.3.1 Print Estimated Congestion | Checksum: 1b95d0de6

Time (s): cpu = 00:00:13 ; elapsed = 00:00:03 . Memory (MB): peak = 3065.625 ; gain = 32.016 ; free physical = 139 ; free virtual = 1091
Phase 4.3 Placer Reporting | Checksum: 1b95d0de6

Time (s): cpu = 00:00:13 ; elapsed = 00:00:03 . Memory (MB): peak = 3065.625 ; gain = 32.016 ; free physical = 139 ; free virtual = 1091

Phase 4.4 Final Placement Cleanup
Netlist sorting complete. Time (s): cpu = 00:00:00 ; elapsed = 00:00:00 . Memory (MB): peak = 3065.625 ; gain = 0.000 ; free physical = 139 ; free virtual = 1091

Time (s): cpu = 00:00:13 ; elapsed = 00:00:03 . Memory (MB): peak = 3065.625 ; gain = 32.016 ; free physical = 139 ; free virtual = 1091
Phase 4 Post Placement Optimization and Clean-Up | Checksum: 1b95d0de6

Time (s): cpu = 00:00:13 ; elapsed = 00:00:03 . Memory (MB): peak = 3065.625 ; gain = 32.016 ; free physical = 138 ; free virtual = 1091
Ending Placer Task | Checksum: 14ce597bd

Time (s): cpu = 00:00:13 ; elapsed = 00:00:03 . Memory (MB): peak = 3065.625 ; gain = 32.016 ; free physical = 134 ; free virtual = 1088
43 Infos, 2 Warnings, 0 Critical Warnings and 0 Errors encountered.
place_design completed successfully
INFO: [Vivado 12-24838] Running report commands "report_control_sets, report_io, report_utilization" in parallel.
Running report generation with 3 threads.
INFO: [Vivado 12-24828] Executing command : report_control_sets -verbose -file ALU_control_sets_placed.rpt
report_control_sets: Time (s): cpu = 00:00:00.14 ; elapsed = 00:00:00.11 . Memory (MB): peak = 3065.625 ; gain = 0.000 ; free physical = 141 ; free virtual = 1079
INFO: [Vivado 12-24828] Executing command : report_io -file ALU_io_placed.rpt
report_io: Time (s): cpu = 00:00:00.33 ; elapsed = 00:00:00.26 . Memory (MB): peak = 3065.625 ; gain = 0.000 ; free physical = 134 ; free virtual = 1071
INFO: [Vivado 12-24828] Executing command : report_utilization -file ALU_utilization_placed.rpt -pb ALU_utilization_placed.pb
INFO: [Timing 38-480] Writing timing data to binary archive.
Wrote PlaceDB: Time (s): cpu = 00:00:00 ; elapsed = 00:00:00 . Memory (MB): peak = 3065.625 ; gain = 0.000 ; free physical = 131 ; free virtual = 1069
Write ShapeDB Complete: Time (s): cpu = 00:00:00.01 ; elapsed = 00:00:00 . Memory (MB): peak = 3065.625 ; gain = 0.000 ; free physical = 131 ; free virtual = 1069
Wrote PulsedLatchDB: Time (s): cpu = 00:00:00 ; elapsed = 00:00:00 . Memory (MB): peak = 3065.625 ; gain = 0.000 ; free physical = 131 ; free virtual = 1069
Writing XDEF routing.
Writing XDEF routing logical nets.
Writing XDEF routing special nets.
Wrote RouteStorage: Time (s): cpu = 00:00:00.04 ; elapsed = 00:00:00.02 . Memory (MB): peak = 3065.625 ; gain = 0.000 ; free physical = 131 ; free virtual = 1069
Wrote PlaceStorage: Time (s): cpu = 00:00:00.02 ; elapsed = 00:00:00 . Memory (MB): peak = 3065.625 ; gain = 0.000 ; free physical = 131 ; free virtual = 1069
Wrote Netlist Cache: Time (s): cpu = 00:00:00 ; elapsed = 00:00:00 . Memory (MB): peak = 3065.625 ; gain = 0.000 ; free physical = 131 ; free virtual = 1069
Wrote Device Cache: Time (s): cpu = 00:00:00.01 ; elapsed = 00:00:00.01 . Memory (MB): peak = 3065.625 ; gain = 0.000 ; free physical = 131 ; free virtual = 1069
Write Physdb Complete: Time (s): cpu = 00:00:00.08 ; elapsed = 00:00:00.03 . Memory (MB): peak = 3065.625 ; gain = 0.000 ; free physical = 131 ; free virtual = 1069
INFO: [Common 17-1381] The checkpoint '/home/gus/Materias/Arqui/proyectos-vivado/Computer_Architecture_FCEFyN/Laboratories/Lab1/ALU/ALU.runs/impl_1/ALU_placed.dcp' has been generated.
Command: phys_opt_design
Attempting to get a license for feature 'Vivado_Implementation' and/or device 'xc7a35ti'
INFO: [Common 17-349] Got license for feature 'Vivado_Implementation' and/or device 'xc7a35ti'

Starting Initial Update Timing Task
INFO: [Timing 38-35] Done setting XDC timing constraints.

Time (s): cpu = 00:00:00.08 ; elapsed = 00:00:00.05 . Memory (MB): peak = 3065.625 ; gain = 0.000 ; free physical = 131 ; free virtual = 1069
INFO: [Vivado_Tcl 4-2279] Estimated Timing Summary | WNS= 0.000 | TNS= 0.000 | 
INFO: [Vivado_Tcl 4-383] Design worst setup slack (WNS) is greater than or equal to 0.000 ns. All physical synthesis setup optimizations will be skipped.
INFO: [Vivado_Tcl 4-232] No setup violation found. The netlist was not modified.
INFO: [Common 17-83] Releasing license: Vivado_Implementation
55 Infos, 2 Warnings, 0 Critical Warnings and 0 Errors encountered.
phys_opt_design completed successfully
INFO: [Timing 38-480] Writing timing data to binary archive.
Wrote PlaceDB: Time (s): cpu = 00:00:00 ; elapsed = 00:00:00 . Memory (MB): peak = 3065.625 ; gain = 0.000 ; free physical = 130 ; free virtual = 1069
Write ShapeDB Complete: Time (s): cpu = 00:00:00 ; elapsed = 00:00:00.01 . Memory (MB): peak = 3065.625 ; gain = 0.000 ; free physical = 130 ; free virtual = 1069
Wrote PulsedLatchDB: Time (s): cpu = 00:00:00 ; elapsed = 00:00:00 . Memory (MB): peak = 3065.625 ; gain = 0.000 ; free physical = 130 ; free virtual = 1069
Writing XDEF routing.
Writing XDEF routing logical nets.
Writing XDEF routing special nets.
Wrote RouteStorage: Time (s): cpu = 00:00:00.04 ; elapsed = 00:00:00.01 . Memory (MB): peak = 3065.625 ; gain = 0.000 ; free physical = 130 ; free virtual = 1069
Wrote PlaceStorage: Time (s): cpu = 00:00:00.02 ; elapsed = 00:00:00.01 . Memory (MB): peak = 3065.625 ; gain = 0.000 ; free physical = 130 ; free virtual = 1069
Wrote Netlist Cache: Time (s): cpu = 00:00:00 ; elapsed = 00:00:00 . Memory (MB): peak = 3065.625 ; gain = 0.000 ; free physical = 130 ; free virtual = 1069
Wrote Device Cache: Time (s): cpu = 00:00:00.01 ; elapsed = 00:00:00 . Memory (MB): peak = 3065.625 ; gain = 0.000 ; free physical = 130 ; free virtual = 1068
Write Physdb Complete: Time (s): cpu = 00:00:00.07 ; elapsed = 00:00:00.03 . Memory (MB): peak = 3065.625 ; gain = 0.000 ; free physical = 130 ; free virtual = 1068
INFO: [Common 17-1381] The checkpoint '/home/gus/Materias/Arqui/proyectos-vivado/Computer_Architecture_FCEFyN/Laboratories/Lab1/ALU/ALU.runs/impl_1/ALU_physopt.dcp' has been generated.
Command: route_design
Attempting to get a license for feature 'Vivado_Implementation' and/or device 'xc7a35ti'
INFO: [Common 17-349] Got license for feature 'Vivado_Implementation' and/or device 'xc7a35ti'


Starting Routing Task
INFO: [Route 35-254] Multithreading enabled for route_design using a maximum of 8 CPUs

Phase 1 Build RT Design
Checksum: PlaceDB: 5f9f40ea ConstDB: 0 ShapeSum: 4cc4fa7c RouteDB: a0815c57
Post Restoration Checksum: NetGraph: fcc2f67b | NumContArr: 81ab2f82 | Constraints: c2a8fa9d | Timing: c2a8fa9d
Phase 1 Build RT Design | Checksum: 303c01b37

Time (s): cpu = 00:00:33 ; elapsed = 00:00:30 . Memory (MB): peak = 3065.625 ; gain = 0.000 ; free physical = 196 ; free virtual = 1082

Phase 2 Router Initialization

Phase 2.1 Fix Topology Constraints
Phase 2.1 Fix Topology Constraints | Checksum: 303c01b37

Time (s): cpu = 00:00:33 ; elapsed = 00:00:30 . Memory (MB): peak = 3065.625 ; gain = 0.000 ; free physical = 192 ; free virtual = 1085

Phase 2.2 Pre Route Cleanup
Phase 2.2 Pre Route Cleanup | Checksum: 303c01b37

Time (s): cpu = 00:00:33 ; elapsed = 00:00:30 . Memory (MB): peak = 3065.625 ; gain = 0.000 ; free physical = 191 ; free virtual = 1085
 Number of Nodes with overlaps = 0

Phase 2.3 Update Timing
Phase 2.3 Update Timing | Checksum: 20a24c074

Time (s): cpu = 00:00:33 ; elapsed = 00:00:30 . Memory (MB): peak = 3065.625 ; gain = 0.000 ; free physical = 186 ; free virtual = 1089

Phase 2.4 Soft Constraint Pins - Fast Budgeting
Phase 2.4 Soft Constraint Pins - Fast Budgeting | Checksum: 20a24c074

Time (s): cpu = 00:00:33 ; elapsed = 00:00:30 . Memory (MB): peak = 3065.625 ; gain = 0.000 ; free physical = 185 ; free virtual = 1090

Router Utilization Summary
  Global Vertical Routing Utilization    = 0 %
  Global Horizontal Routing Utilization  = 0 %
  Routable Net Status*
  *Does not include unroutable nets such as driverless and loadless.
  Run report_route_status for detailed report.
  Number of Failed Nets               = 114
    (Failed Nets is the sum of unrouted and partially routed nets)
  Number of Unrouted Nets             = 114
  Number of Partially Routed Nets     = 0
  Number of Node Overlaps             = 0

Phase 2 Router Initialization | Checksum: 20a24c074

Time (s): cpu = 00:00:34 ; elapsed = 00:00:30 . Memory (MB): peak = 3065.625 ; gain = 0.000 ; free physical = 185 ; free virtual = 1090

Phase 3 Global Routing
Phase 3 Global Routing | Checksum: 20a24c074

Time (s): cpu = 00:00:34 ; elapsed = 00:00:30 . Memory (MB): peak = 3065.625 ; gain = 0.000 ; free physical = 185 ; free virtual = 1090

Phase 4 Initial Routing

Phase 4.1 Initial Net Routing Pass
Phase 4.1 Initial Net Routing Pass | Checksum: 2944b10d7

Time (s): cpu = 00:00:34 ; elapsed = 00:00:30 . Memory (MB): peak = 3065.625 ; gain = 0.000 ; free physical = 184 ; free virtual = 1090
Phase 4 Initial Routing | Checksum: 2944b10d7

Time (s): cpu = 00:00:34 ; elapsed = 00:00:30 . Memory (MB): peak = 3065.625 ; gain = 0.000 ; free physical = 184 ; free virtual = 1090

Phase 5 Rip-up And Reroute

Phase 5.1 Global Iteration 0
 Number of Nodes with overlaps = 9
 Number of Nodes with overlaps = 0
Phase 5.1 Global Iteration 0 | Checksum: 28ea21eb8

Time (s): cpu = 00:00:35 ; elapsed = 00:00:31 . Memory (MB): peak = 3065.625 ; gain = 0.000 ; free physical = 183 ; free virtual = 1090
Phase 5 Rip-up And Reroute | Checksum: 28ea21eb8

Time (s): cpu = 00:00:35 ; elapsed = 00:00:31 . Memory (MB): peak = 3065.625 ; gain = 0.000 ; free physical = 183 ; free virtual = 1090

Phase 6 Delay and Skew Optimization

Phase 6.1 Delay CleanUp
Phase 6.1 Delay CleanUp | Checksum: 28ea21eb8

Time (s): cpu = 00:00:35 ; elapsed = 00:00:31 . Memory (MB): peak = 3065.625 ; gain = 0.000 ; free physical = 183 ; free virtual = 1090

Phase 6.2 Clock Skew Optimization
Phase 6.2 Clock Skew Optimization | Checksum: 28ea21eb8

Time (s): cpu = 00:00:35 ; elapsed = 00:00:31 . Memory (MB): peak = 3065.625 ; gain = 0.000 ; free physical = 183 ; free virtual = 1090
Phase 6 Delay and Skew Optimization | Checksum: 28ea21eb8

Time (s): cpu = 00:00:35 ; elapsed = 00:00:31 . Memory (MB): peak = 3065.625 ; gain = 0.000 ; free physical = 183 ; free virtual = 1090

Phase 7 Post Hold Fix

Phase 7.1 Hold Fix Iter
Phase 7.1 Hold Fix Iter | Checksum: 28ea21eb8

Time (s): cpu = 00:00:35 ; elapsed = 00:00:31 . Memory (MB): peak = 3065.625 ; gain = 0.000 ; free physical = 183 ; free virtual = 1090
Phase 7 Post Hold Fix | Checksum: 28ea21eb8

Time (s): cpu = 00:00:35 ; elapsed = 00:00:31 . Memory (MB): peak = 3065.625 ; gain = 0.000 ; free physical = 183 ; free virtual = 1090

Phase 8 Route finalize

Router Utilization Summary
  Global Vertical Routing Utilization    = 0.045045 %
  Global Horizontal Routing Utilization  = 0.0433368 %
  Routable Net Status*
  *Does not include unroutable nets such as driverless and loadless.
  Run report_route_status for detailed report.
  Number of Failed Nets               = 0
    (Failed Nets is the sum of unrouted and partially routed nets)
  Number of Unrouted Nets             = 0
  Number of Partially Routed Nets     = 0
  Number of Node Overlaps             = 0

Phase 8 Route finalize | Checksum: 28ea21eb8

Time (s): cpu = 00:00:35 ; elapsed = 00:00:31 . Memory (MB): peak = 3065.625 ; gain = 0.000 ; free physical = 183 ; free virtual = 1090

Phase 9 Verifying routed nets

 Verification completed successfully
Phase 9 Verifying routed nets | Checksum: 28ea21eb8

Time (s): cpu = 00:00:35 ; elapsed = 00:00:31 . Memory (MB): peak = 3065.625 ; gain = 0.000 ; free physical = 182 ; free virtual = 1089

Phase 10 Depositing Routes
Phase 10 Depositing Routes | Checksum: 23716345f

Time (s): cpu = 00:00:35 ; elapsed = 00:00:31 . Memory (MB): peak = 3065.625 ; gain = 0.000 ; free physical = 180 ; free virtual = 1089

Phase 11 Post Process Routing
Phase 11 Post Process Routing | Checksum: 23716345f

Time (s): cpu = 00:00:35 ; elapsed = 00:00:31 . Memory (MB): peak = 3065.625 ; gain = 0.000 ; free physical = 179 ; free virtual = 1089

Phase 12 Post Router Timing
Phase 12 Post Router Timing | Checksum: 23716345f

Time (s): cpu = 00:00:35 ; elapsed = 00:00:31 . Memory (MB): peak = 3065.625 ; gain = 0.000 ; free physical = 177 ; free virtual = 1089
Total Elapsed time in route_design: 30.63 secs

Phase 13 Post-Route Event Processing
Phase 13 Post-Route Event Processing | Checksum: 15ff40db5

Time (s): cpu = 00:00:35 ; elapsed = 00:00:31 . Memory (MB): peak = 3065.625 ; gain = 0.000 ; free physical = 176 ; free virtual = 1089
INFO: [Route 35-16] Router Completed Successfully
Ending Routing Task | Checksum: 15ff40db5

Time (s): cpu = 00:00:35 ; elapsed = 00:00:31 . Memory (MB): peak = 3065.625 ; gain = 0.000 ; free physical = 176 ; free virtual = 1090

Routing Is Done.
INFO: [Common 17-83] Releasing license: Vivado_Implementation
61 Infos, 2 Warnings, 0 Critical Warnings and 0 Errors encountered.
route_design completed successfully
route_design: Time (s): cpu = 00:00:35 ; elapsed = 00:00:31 . Memory (MB): peak = 3065.625 ; gain = 0.000 ; free physical = 170 ; free virtual = 1090
INFO: [Vivado 12-24828] Executing command : report_drc -file ALU_drc_routed.rpt -pb ALU_drc_routed.pb -rpx ALU_drc_routed.rpx
Command: report_drc -file ALU_drc_routed.rpt -pb ALU_drc_routed.pb -rpx ALU_drc_routed.rpx
INFO: [IP_Flow 19-1839] IP Catalog is up to date.
INFO: [DRC 23-27] Running DRC with 8 threads
INFO: [Vivado_Tcl 2-168] The results of DRC are in file /home/gus/Materias/Arqui/proyectos-vivado/Computer_Architecture_FCEFyN/Laboratories/Lab1/ALU/ALU.runs/impl_1/ALU_drc_routed.rpt.
report_drc completed successfully
INFO: [Vivado 12-24828] Executing command : report_methodology -file ALU_methodology_drc_routed.rpt -pb ALU_methodology_drc_routed.pb -rpx ALU_methodology_drc_routed.rpx
Command: report_methodology -file ALU_methodology_drc_routed.rpt -pb ALU_methodology_drc_routed.pb -rpx ALU_methodology_drc_routed.rpx
INFO: [Timing 38-35] Done setting XDC timing constraints.
INFO: [DRC 23-133] Running Methodology with 8 threads
INFO: [Vivado_Tcl 2-1520] The results of Report Methodology are in file /home/gus/Materias/Arqui/proyectos-vivado/Computer_Architecture_FCEFyN/Laboratories/Lab1/ALU/ALU.runs/impl_1/ALU_methodology_drc_routed.rpt.
report_methodology completed successfully
INFO: [Vivado 12-24828] Executing command : report_timing_summary -max_paths 10 -routable_nets -report_unconstrained -file ALU_timing_summary_routed.rpt -pb ALU_timing_summary_routed.pb -rpx ALU_timing_summary_routed.rpx -warn_on_violation 
INFO: [Timing 38-35] Done setting XDC timing constraints.
INFO: [Timing 38-91] UpdateTimingParams: Speed grade: -1L, Delay Type: min_max.
INFO: [Timing 38-191] Multithreading enabled for timing update using a maximum of 8 CPUs
INFO: [Vivado 12-24838] Running report commands "report_bus_skew, report_incremental_reuse, report_route_status" in parallel.
Running report generation with 3 threads.
INFO: [Vivado 12-24828] Executing command : report_incremental_reuse -file ALU_incremental_reuse_routed.rpt
INFO: [Vivado_Tcl 4-1062] Incremental flow is disabled. No incremental reuse Info to report.
INFO: [Vivado 12-24828] Executing command : report_route_status -file ALU_route_status.rpt -pb ALU_route_status.pb
INFO: [Vivado 12-24828] Executing command : report_bus_skew -warn_on_violation -file ALU_bus_skew_routed.rpt -pb ALU_bus_skew_routed.pb -rpx ALU_bus_skew_routed.rpx
INFO: [Timing 38-91] UpdateTimingParams: Speed grade: -1L, Delay Type: min_max.
INFO: [Timing 38-191] Multithreading enabled for timing update using a maximum of 8 CPUs
INFO: [Vivado 12-24828] Executing command : report_power -file ALU_power_routed.rpt -pb ALU_power_summary_routed.pb -rpx ALU_power_routed.rpx
Command: report_power -file ALU_power_routed.rpt -pb ALU_power_summary_routed.pb -rpx ALU_power_routed.rpx
Running Vector-less Activity Propagation...

Finished Running Vector-less Activity Propagation
81 Infos, 2 Warnings, 0 Critical Warnings and 0 Errors encountered.
report_power completed successfully
INFO: [Vivado 12-24828] Executing command : report_clock_utilization -file ALU_clock_utilization_routed.rpt
INFO: [Timing 38-480] Writing timing data to binary archive.
Write ShapeDB Complete: Time (s): cpu = 00:00:00.01 ; elapsed = 00:00:00.01 . Memory (MB): peak = 3074.633 ; gain = 0.000 ; free physical = 137 ; free virtual = 1074
Wrote PlaceDB: Time (s): cpu = 00:00:00.01 ; elapsed = 00:00:00 . Memory (MB): peak = 3074.633 ; gain = 0.000 ; free physical = 137 ; free virtual = 1074
Wrote PulsedLatchDB: Time (s): cpu = 00:00:00.01 ; elapsed = 00:00:00 . Memory (MB): peak = 3074.633 ; gain = 0.000 ; free physical = 137 ; free virtual = 1074
Writing XDEF routing.
Writing XDEF routing logical nets.
Writing XDEF routing special nets.
Wrote RouteStorage: Time (s): cpu = 00:00:00.07 ; elapsed = 00:00:00.03 . Memory (MB): peak = 3074.633 ; gain = 0.000 ; free physical = 138 ; free virtual = 1070
Wrote PlaceStorage: Time (s): cpu = 00:00:00.02 ; elapsed = 00:00:00.01 . Memory (MB): peak = 3074.633 ; gain = 0.000 ; free physical = 137 ; free virtual = 1070
Wrote Netlist Cache: Time (s): cpu = 00:00:00 ; elapsed = 00:00:00 . Memory (MB): peak = 3074.633 ; gain = 0.000 ; free physical = 137 ; free virtual = 1070
Wrote Device Cache: Time (s): cpu = 00:00:00.01 ; elapsed = 00:00:00.01 . Memory (MB): peak = 3074.633 ; gain = 0.000 ; free physical = 136 ; free virtual = 1068
Write Physdb Complete: Time (s): cpu = 00:00:00.13 ; elapsed = 00:00:00.06 . Memory (MB): peak = 3074.633 ; gain = 0.000 ; free physical = 136 ; free virtual = 1068
INFO: [Common 17-1381] The checkpoint '/home/gus/Materias/Arqui/proyectos-vivado/Computer_Architecture_FCEFyN/Laboratories/Lab1/ALU/ALU.runs/impl_1/ALU_routed.dcp' has been generated.
INFO: [Common 17-206] Exiting Vivado at Wed Sep  9 18:05:34 2026...

*** Running vivado
    with args -log ALU.vdi -applog -m64 -product Vivado -messageDb vivado.pb -mode batch -source ALU.tcl -notrace

INFO: [Common 17-3922] A valid Vivado Design Suite BASIC license has been detected. Your current license is active and will expire on 26-aug-2027.
#-----------------------------------------------------------
# Vivado v2026.1 (64-bit)
# SW Build 6511674 on Tue Jun 16 11:01:26 MDT 2026
# IP Build 6504888 on Tue Jun 09 09:05:25 MDT 2026
# SharedData Build 6501428 on Mon Jun 08 17:34:18 MDT 2026
# Start of session at: Wed Sep  9 18:23:00 2026
# Process ID         : 21822
# Current directory  : /home/gus/Materias/Arqui/proyectos-vivado/Computer_Architecture_FCEFyN/Laboratories/Lab1/ALU/ALU.runs/impl_1
# Command line       : vivado -log ALU.vdi -applog -product Vivado -messageDb vivado.pb -mode batch -source ALU.tcl -notrace
# Log file           : /home/gus/Materias/Arqui/proyectos-vivado/Computer_Architecture_FCEFyN/Laboratories/Lab1/ALU/ALU.runs/impl_1/ALU.vdi
# Journal file       : /home/gus/Materias/Arqui/proyectos-vivado/Computer_Architecture_FCEFyN/Laboratories/Lab1/ALU/ALU.runs/impl_1/vivado.jou
# Running On         : gus-MAX-L5
# Platform           : Linuxmint
# Operating System   : Linux Mint 22.3
# Processor Detail   : 11th Gen Intel(R) Core(TM) i5-1135G7 @ 2.40GHz
# CPU Frequency      : 1105.232 MHz
# CPU Physical cores : 4
# CPU Logical cores  : 8
# Host memory        : 8089 MB
# Swap memory        : 0 MB
# Total Virtual      : 8089 MB
# Available Virtual  : 2361 MB
#-----------------------------------------------------------

****** Vivado v2026.1 (64-bit)
  **** SW Build 6511674 on Tue Jun 16 11:01:26 MDT 2026
  **** IP Build 6504888 on Tue Jun 09 09:05:25 MDT 2026
  **** SharedData Build 6501428 on Mon Jun 08 17:34:18 MDT 2026
  **** Start of session at: Wed Sep  9 18:23:00 2026
    ** Copyright 1986-2022 Xilinx, Inc. All Rights Reserved.
    ** Copyright 2022-2026 Advanced Micro Devices, Inc. All Rights Reserved.

source ALU.tcl -notrace
Command: open_checkpoint ALU_routed.dcp
INFO: [Device 21-403] Loading part xc7a35ticpg236-1L
Netlist sorting complete. Time (s): cpu = 00:00:00 ; elapsed = 00:00:00 . Memory (MB): peak = 1876.020 ; gain = 0.000 ; free physical = 180 ; free virtual = 1690
INFO: [Netlist 29-17] Analyzing 7 Unisim elements for replacement
INFO: [Netlist 29-28] Unisim Transformation completed in 0 CPU seconds
INFO: [Project 1-479] Netlist was created with Vivado 2026.1
INFO: [Project 1-570] Preparing netlist for logic optimization
Read ShapeDB Complete: Time (s): cpu = 00:00:00 ; elapsed = 00:00:00 . Memory (MB): peak = 1939.863 ; gain = 0.000 ; free physical = 210 ; free virtual = 1589
INFO: [Timing 38-478] Restoring timing data from binary archive.
INFO: [Timing 38-479] Binary timing data restore complete.
INFO: [Project 1-856] Restoring constraints from binary archive.
INFO: [Project 1-853] Binary constraint restore complete.
INFO: [Designutils 20-5722] Start Reading Physical Databases.
Reading placement.
Read Netlist Cache: Time (s): cpu = 00:00:00.01 ; elapsed = 00:00:00 . Memory (MB): peak = 2515.449 ; gain = 0.000 ; free physical = 148 ; free virtual = 1056
Reading placer database...
Read Device Cache: Time (s): cpu = 00:00:00.01 ; elapsed = 00:00:00.01 . Memory (MB): peak = 2515.449 ; gain = 0.000 ; free physical = 148 ; free virtual = 1056
Read PlaceDB: Time (s): cpu = 00:00:00 ; elapsed = 00:00:00 . Memory (MB): peak = 2515.449 ; gain = 0.000 ; free physical = 148 ; free virtual = 1057
Read placeStorage: Time (s): cpu = 00:00:00 ; elapsed = 00:00:00.01 . Memory (MB): peak = 2534.527 ; gain = 19.078 ; free physical = 147 ; free virtual = 1057
Read PulsedLatchDB: Time (s): cpu = 00:00:00 ; elapsed = 00:00:00.01 . Memory (MB): peak = 2534.527 ; gain = 0.000 ; free physical = 147 ; free virtual = 1057
Reading routing.
Read RouteStorage: Time (s): cpu = 00:00:00.02 ; elapsed = 00:00:00.01 . Memory (MB): peak = 2534.527 ; gain = 0.000 ; free physical = 146 ; free virtual = 1057
Read Physdb Files: Time (s): cpu = 00:00:00.04 ; elapsed = 00:00:00.05 . Memory (MB): peak = 2534.527 ; gain = 19.078 ; free physical = 146 ; free virtual = 1057
Restored from archive | CPU: 0.110000 secs | Memory: 1.286263 MB |
Finished XDEF File Restore: Time (s): cpu = 00:00:00.1 ; elapsed = 00:00:00.12 . Memory (MB): peak = 2534.527 ; gain = 26.016 ; free physical = 146 ; free virtual = 1057
Netlist sorting complete. Time (s): cpu = 00:00:00 ; elapsed = 00:00:00 . Memory (MB): peak = 2534.527 ; gain = 0.000 ; free physical = 143 ; free virtual = 1057
INFO: [Project 1-111] Unisim Transformation Summary:
No Unisim elements were transformed.

INFO: [Project 1-604] Checkpoint was created with Vivado v2026.1 (64-bit) build 6511674
open_checkpoint: Time (s): cpu = 00:00:43 ; elapsed = 00:00:21 . Memory (MB): peak = 2534.562 ; gain = 1090.531 ; free physical = 153 ; free virtual = 1058
Command: write_bitstream -force ALU.bit
Attempting to get a license for feature 'Vivado_Implementation' and/or device 'xc7a35ti'
INFO: [Common 17-349] Got license for feature 'Vivado_Implementation' and/or device 'xc7a35ti'
Running DRC as a precondition to command write_bitstream
INFO: [IP_Flow 19-234] Refreshing IP repositories
INFO: [IP_Flow 19-1704] No user IP repositories specified
INFO: [IP_Flow 19-2313] Loaded Vivado IP repository '/opt/Xilinx/2026.1/data/ip'.
INFO: [DRC 23-27] Running DRC with 8 threads
INFO: [Vivado 12-3199] DRC finished with 0 Errors
INFO: [Vivado 12-3200] Please refer to the DRC report (report_drc) for more information.
Integrating Hard IP ELF/MEM with the PDI.
INFO: [Designutils 20-2272] Running write_bitstream with 8 threads.
Initializing bitstream generation complete. Time (s): cpu = 00:00:01 ; elapsed = 00:00:01 . Memory (MB): peak = 2721.652 ; gain = 62.719 ; free physical = 144 ; free virtual = 848
Loading data files...
Loading site data...
Loading route data...
Processing options...
Creating bitmap...
Creating bitstream...
Writing bitstream ./ALU.bit...
Generate Bitstream complete. Time (s): cpu = 00:00:13 ; elapsed = 00:00:11 . Memory (MB): peak = 2937.324 ; gain = 278.391 ; free physical = 119 ; free virtual = 633
INFO: [Vivado 12-1842] Bitgen Completed Successfully.
INFO: [Common 17-83] Releasing license: Vivado_Implementation
22 Infos, 0 Warnings, 0 Critical Warnings and 0 Errors encountered.
write_bitstream completed successfully
write_bitstream: Time (s): cpu = 00:00:17 ; elapsed = 00:00:50 . Memory (MB): peak = 2977.367 ; gain = 442.805 ; free physical = 2448 ; free virtual = 3312
INFO: [Common 17-206] Exiting Vivado at Wed Sep  9 18:24:18 2026...

*** Running vivado
    with args -log ALU.vdi -applog -m64 -product Vivado -messageDb vivado.pb -mode batch -source ALU.tcl -notrace

INFO: [Common 17-3922] A valid Vivado Design Suite BASIC license has been detected. Your current license is active and will expire on 26-aug-2027.
#-----------------------------------------------------------
# Vivado v2026.1 (64-bit)
# SW Build 6511674 on Tue Jun 16 11:01:26 MDT 2026
# IP Build 6504888 on Tue Jun 09 09:05:25 MDT 2026
# SharedData Build 6501428 on Mon Jun 08 17:34:18 MDT 2026
# Start of session at: Wed Sep  9 18:26:05 2026
# Process ID         : 22702
# Current directory  : /home/gus/Materias/Arqui/proyectos-vivado/Computer_Architecture_FCEFyN/Laboratories/Lab1/ALU/ALU.runs/impl_1
# Command line       : vivado -log ALU.vdi -applog -product Vivado -messageDb vivado.pb -mode batch -source ALU.tcl -notrace
# Log file           : /home/gus/Materias/Arqui/proyectos-vivado/Computer_Architecture_FCEFyN/Laboratories/Lab1/ALU/ALU.runs/impl_1/ALU.vdi
# Journal file       : /home/gus/Materias/Arqui/proyectos-vivado/Computer_Architecture_FCEFyN/Laboratories/Lab1/ALU/ALU.runs/impl_1/vivado.jou
# Running On         : gus-MAX-L5
# Platform           : Linuxmint
# Operating System   : Linux Mint 22.3
# Processor Detail   : 11th Gen Intel(R) Core(TM) i5-1135G7 @ 2.40GHz
# CPU Frequency      : 1443.350 MHz
# CPU Physical cores : 4
# CPU Logical cores  : 8
# Host memory        : 8089 MB
# Swap memory        : 0 MB
# Total Virtual      : 8089 MB
# Available Virtual  : 5485 MB
#-----------------------------------------------------------

****** Vivado v2026.1 (64-bit)
  **** SW Build 6511674 on Tue Jun 16 11:01:26 MDT 2026
  **** IP Build 6504888 on Tue Jun 09 09:05:25 MDT 2026
  **** SharedData Build 6501428 on Mon Jun 08 17:34:18 MDT 2026
  **** Start of session at: Wed Sep  9 18:26:05 2026
    ** Copyright 1986-2022 Xilinx, Inc. All Rights Reserved.
    ** Copyright 2022-2026 Advanced Micro Devices, Inc. All Rights Reserved.

source ALU.tcl -notrace
Command: open_checkpoint ALU_routed.dcp
INFO: [Device 21-403] Loading part xc7a35ticpg236-1L
Netlist sorting complete. Time (s): cpu = 00:00:00 ; elapsed = 00:00:00 . Memory (MB): peak = 1877.895 ; gain = 0.000 ; free physical = 2657 ; free virtual = 4614
INFO: [Netlist 29-17] Analyzing 7 Unisim elements for replacement
INFO: [Netlist 29-28] Unisim Transformation completed in 0 CPU seconds
INFO: [Project 1-479] Netlist was created with Vivado 2026.1
INFO: [Project 1-570] Preparing netlist for logic optimization
Read ShapeDB Complete: Time (s): cpu = 00:00:00 ; elapsed = 00:00:00 . Memory (MB): peak = 1939.801 ; gain = 0.000 ; free physical = 2539 ; free virtual = 4509
INFO: [Timing 38-478] Restoring timing data from binary archive.
INFO: [Timing 38-479] Binary timing data restore complete.
INFO: [Project 1-856] Restoring constraints from binary archive.
INFO: [Project 1-853] Binary constraint restore complete.
INFO: [Designutils 20-5722] Start Reading Physical Databases.
Reading placement.
Read Netlist Cache: Time (s): cpu = 00:00:00 ; elapsed = 00:00:00 . Memory (MB): peak = 2523.715 ; gain = 0.000 ; free physical = 2001 ; free virtual = 3984
Reading placer database...
Read Device Cache: Time (s): cpu = 00:00:00.01 ; elapsed = 00:00:00.01 . Memory (MB): peak = 2523.715 ; gain = 0.000 ; free physical = 2001 ; free virtual = 3984
Read PlaceDB: Time (s): cpu = 00:00:00 ; elapsed = 00:00:00 . Memory (MB): peak = 2523.715 ; gain = 0.000 ; free physical = 2001 ; free virtual = 3984
Read placeStorage: Time (s): cpu = 00:00:00.01 ; elapsed = 00:00:00 . Memory (MB): peak = 2542.793 ; gain = 19.078 ; free physical = 2001 ; free virtual = 3984
Read PulsedLatchDB: Time (s): cpu = 00:00:00 ; elapsed = 00:00:00 . Memory (MB): peak = 2542.793 ; gain = 0.000 ; free physical = 2001 ; free virtual = 3984
Reading routing.
Read RouteStorage: Time (s): cpu = 00:00:00.02 ; elapsed = 00:00:00.01 . Memory (MB): peak = 2542.793 ; gain = 0.000 ; free physical = 2001 ; free virtual = 3984
Read Physdb Files: Time (s): cpu = 00:00:00.04 ; elapsed = 00:00:00.04 . Memory (MB): peak = 2542.793 ; gain = 19.078 ; free physical = 2001 ; free virtual = 3984
Restored from archive | CPU: 0.120000 secs | Memory: 1.286263 MB |
Finished XDEF File Restore: Time (s): cpu = 00:00:00.11 ; elapsed = 00:00:00.11 . Memory (MB): peak = 2542.793 ; gain = 23.047 ; free physical = 2001 ; free virtual = 3984
Netlist sorting complete. Time (s): cpu = 00:00:00 ; elapsed = 00:00:00.01 . Memory (MB): peak = 2542.793 ; gain = 0.000 ; free physical = 2001 ; free virtual = 3984
INFO: [Project 1-111] Unisim Transformation Summary:
No Unisim elements were transformed.

INFO: [Project 1-604] Checkpoint was created with Vivado v2026.1 (64-bit) build 6511674
open_checkpoint: Time (s): cpu = 00:00:44 ; elapsed = 00:00:21 . Memory (MB): peak = 2542.828 ; gain = 1098.922 ; free physical = 2001 ; free virtual = 3984
Command: write_bitstream -force ALU.bit
Attempting to get a license for feature 'Vivado_Implementation' and/or device 'xc7a35ti'
INFO: [Common 17-349] Got license for feature 'Vivado_Implementation' and/or device 'xc7a35ti'
Running DRC as a precondition to command write_bitstream
INFO: [IP_Flow 19-234] Refreshing IP repositories
INFO: [IP_Flow 19-1704] No user IP repositories specified
INFO: [IP_Flow 19-2313] Loaded Vivado IP repository '/opt/Xilinx/2026.1/data/ip'.
INFO: [DRC 23-27] Running DRC with 8 threads
INFO: [Vivado 12-3199] DRC finished with 0 Errors
INFO: [Vivado 12-3200] Please refer to the DRC report (report_drc) for more information.
Integrating Hard IP ELF/MEM with the PDI.
INFO: [Designutils 20-2272] Running write_bitstream with 8 threads.
Initializing bitstream generation complete. Time (s): cpu = 00:00:01 ; elapsed = 00:00:01 . Memory (MB): peak = 2721.949 ; gain = 61.750 ; free physical = 1800 ; free virtual = 3786
Loading data files...
Loading site data...
Loading route data...
Processing options...
Creating bitmap...
Creating bitstream...
Writing bitstream ./ALU.bit...
Generate Bitstream complete. Time (s): cpu = 00:00:12 ; elapsed = 00:00:08 . Memory (MB): peak = 2937.621 ; gain = 277.422 ; free physical = 1580 ; free virtual = 3573
INFO: [Vivado 12-1842] Bitgen Completed Successfully.
INFO: [Common 17-83] Releasing license: Vivado_Implementation
22 Infos, 0 Warnings, 0 Critical Warnings and 0 Errors encountered.
write_bitstream completed successfully
write_bitstream: Time (s): cpu = 00:00:15 ; elapsed = 00:00:43 . Memory (MB): peak = 2969.773 ; gain = 426.945 ; free physical = 1580 ; free virtual = 3572
INFO: [Common 17-206] Exiting Vivado at Wed Sep  9 18:27:13 2026...
