#-----------------------------------------------------------
# Vivado v2026.1 (64-bit)
# SW Build 6511674 on Tue Jun 16 11:02:23 MDT 2026
# IP Build 6504888 on Tue Jun 09 09:05:25 MDT 2026
# SharedData Build 6501428 on Mon Jun 08 17:34:18 MDT 2026
# Start of session at: Tue Sep  1 22:59:05 2026
# Process ID         : 4804
# Current directory  : C:/Users/tomi_/OneDrive/Documents/comDatos/Computer_Architecture_FCEFyN/Laboratories/Lab1/ALU/ALU.runs/impl_1
# Command line       : vivado.exe -log ALU.vdi -applog -product Vivado -messageDb vivado.pb -mode batch -source ALU.tcl -notrace
# Log file           : C:/Users/tomi_/OneDrive/Documents/comDatos/Computer_Architecture_FCEFyN/Laboratories/Lab1/ALU/ALU.runs/impl_1/ALU.vdi
# Journal file       : C:/Users/tomi_/OneDrive/Documents/comDatos/Computer_Architecture_FCEFyN/Laboratories/Lab1/ALU/ALU.runs/impl_1\vivado.jou
# Running On         : DESKTOP-F73U595
# Platform           : Windows 11
# Operating System   : 26200
# Processor Detail   : Intel(R) Core(TM) i7-10700F CPU @ 2.90GHz
# CPU Frequency      : 2904 MHz
# CPU Physical cores : 8
# CPU Logical cores  : 16
# Host memory        : 17038 MB
# Swap memory        : 3758 MB
# Total Virtual      : 20796 MB
# Available Virtual  : 6412 MB
#-----------------------------------------------------------
source ALU.tcl -notrace
