#-----------------------------------------------------------
# Vivado v2026.1 (64-bit)
# SW Build 6511674 on Tue Jun 16 11:01:26 MDT 2026
# IP Build 6504888 on Tue Jun 09 09:05:25 MDT 2026
# SharedData Build 6501428 on Mon Jun 08 17:34:18 MDT 2026
# Start of session at: Wed Sep  9 18:26:05 2026
# Process ID         : 22702
# Current directory  : /home/gus/Materias/Arqui/proyectos-vivado/Computer_Architecture_FCEFyN/Laboratories/Lab1/ALU/ALU.runs/impl_1
# Command line       : vivado -log ALU.vdi -applog -product Vivado -messageDb vivado.pb -mode batch -source ALU.tcl -notrace
# Log file           : /home/gus/Materias/Arqui/proyectos-vivado/Computer_Architecture_FCEFyN/Laboratories/Lab1/ALU/ALU.runs/impl_1/ALU.vdi
# Journal file       : /home/gus/Materias/Arqui/proyectos-vivado/Computer_Architecture_FCEFyN/Laboratories/Lab1/ALU/ALU.runs/impl_1/vivado.jou
# Running On         : gus-MAX-L5
# Platform           : Linuxmint
# Operating System   : Linux Mint 22.3
# Processor Detail   : 11th Gen Intel(R) Core(TM) i5-1135G7 @ 2.40GHz
# CPU Frequency      : 1443.350 MHz
# CPU Physical cores : 4
# CPU Logical cores  : 8
# Host memory        : 8089 MB
# Swap memory        : 0 MB
# Total Virtual      : 8089 MB
# Available Virtual  : 5485 MB
#-----------------------------------------------------------
source ALU.tcl -notrace
